Running Gradle task 'assembleDebug'...                          
flutter : lib/features/sensors/providers/sensor_da
ta_provider.dart:110:14: Error: 'statusText' is 
already declared in this scope.
At line:1 char:1
+ flutter build apk --debug 2>&1 | Tee-Object 
-FilePath build_output.tx ...
+ ~~~~~~~~~~~~~~~~~~~~~~~~~~~~~~
    + CategoryInfo          : NotSpecified: (lib/ 
   features/se... in this scope.:String) [], Rem  
  oteException
    + FullyQualifiedErrorId : NativeCommandError
 
  String get statusText {
             ^^^^^^^^^^
lib/features/sensors/providers/sensor_data_provide
r.dart:43:14: Context: Previous declaration of 
'statusText'.
  String get statusText {
             ^^^^^^^^^^
Target kernel_snapshot_program failed: Exception


FAILURE: Build failed with an exception.

* What went wrong:
Execution failed for task 
':app:compileFlutterBuildDebug'.
> Process 'command 
'C:\Users\Shrushti\flutter\bin\flutter.bat'' 
finished with non-zero exit value 1

* Try:
> Run with --stacktrace option to get the stack 
trace.
> Run with --info or --debug option to get more 
log output.
> Run with --scan to get full insights.
> Get more help at https://help.gradle.org.

BUILD FAILED in 13s
Running Gradle task 'assembleDebug'...                             13.7s
Gradle task assembleDebug failed with exit code 1
